 elijahozhmegov@Elijahs-MacBook-Air  ~/Education/Uni/CS for Big Data/Edlich  redis-cli
127.0.0.1:6379> set someKey "SomeValue"
OK
127.0.0.1:6379> get someKey
"SomeValue"
127.0.0.1:6379> set someKey "differentValue"
OK
127.0.0.1:6379> get someKey
"differentValue"
127.0.0.1:6379> expire someKey 30
(integer) 1
127.0.0.1:6379> ttl someKey
(integer) 23
127.0.0.1:6379>
127.0.0.1:6379>
127.0.0.1:6379> # hashes
(error) ERR unknown command `#`, with args beginning with: `hashes`,
127.0.0.1:6379> // hashes
(error) ERR unknown command `//`, with args beginning with: `hashes`,
127.0.0.1:6379> hset root:100 name "Linus"
(integer) 1
127.0.0.1:6379> hset root:100 email "me@linux.com"
(integer) 1
127.0.0.1:6379> hset root:100 visits 10
(integer) 1
127.0.0.1:6379> hgetall root:100
1) "name"
2) "Linus"
3) "email"
4) "me@linux.com"
5) "visits"
6) "10"
127.0.0.1:6379> hincrby root:100 visits 32
(integer) 42
127.0.0.1:6379> hget root:100 visits
"42"
127.0.0.1:6379> hdel root:100 visits email
(integer) 2
127.0.0.1:6379> hgetall root:100
1) "name"
2) "Linus"
127.0.0.1:6379>
127.0.0.1:6379>
127.0.0.1:6379> rpush todolist mathAssignment PythonQuiz
(integer) 2
127.0.0.1:6379> lpush todolist RedisDataBase
(integer) 3
127.0.0.1:6379> lrange todolist 0 -1
1) "RedisDataBase"
2) "mathAssignment"
3) "PythonQuiz"
127.0.0.1:6379> llen todolist
(integer) 3
127.0.0.1:6379> lpop todolist
"RedisDataBase"
127.0.0.1:6379> rpop todolist
"PythonQuiz"
127.0.0.1:6379> lrange todolist 0 -1
1) "mathAssignment"
127.0.0.1:6379>
127.0.0.1:6379>
127.0.0.1:6379>
127.0.0.1:6379>
127.0.0.1:6379>
127.0.0.1:6379>
127.0.0.1:6379>
127.0.0.1:6379> sadd greatScientist "Niels Bohr" "Richard Feynman" "Lev Landau"
(integer) 3
127.0.0.1:6379> sismember greatScientist "Ludwig Boltzmann"
(integer) 0
127.0.0.1:6379> sadd greatScientist "Ludwig Boltzmann"
(integer) 1
127.0.0.1:6379> smembers greatScientist
1) "Ludwig Boltzmann"
2) "Niels Bohr"
3) "Lev Landau"
4) "Richard Feynman"
127.0.0.1:6379> srem greatScientist "Ludwig Boltzmann"
(integer) 1
127.0.0.1:6379> sadd greatArtists "Vincent van Gogh" "Rembrandt"
(integer) 2
127.0.0.1:6379> smember greatArtists
(error) ERR unknown command `smember`, with args beginning with: `greatArtists`,
127.0.0.1:6379> smembers greatArtists
1) "Rembrandt"
2) "Vincent van Gogh"
127.0.0.1:6379> sunion greatArtists greatScientist
1) "Niels Bohr"
2) "Lev Landau"
3) "Vincent van Gogh"
4) "Rembrandt"
5) "Richard Feynman"
127.0.0.1:6379>
127.0.0.1:6379>
127.0.0.1:6379>
127.0.0.1:6379>
127.0.0.1:6379>
127.0.0.1:6379> zadd time 01 "01 am"
(integer) 1
127.0.0.1:6379> zadd time 02 "02 am"
(integer) 1
127.0.0.1:6379> zadd time 20 "08 pm"
(integer) 1
127.0.0.1:6379> zcard time
(integer) 3
127.0.0.1:6379> zcount time
(error) ERR wrong number of arguments for 'zcount' command
127.0.0.1:6379> ZCOUNT time 1 5
(integer) 2
127.0.0.1:6379> ZCOUNT time -inf +inf
(integer) 3
127.0.0.1:6379> zrange time 0 -1
1) "01 am"
2) "02 am"
3) "08 pm"
127.0.0.1:6379> zrange time 0 -1 withscores
1) "01 am"
2) "1"
3) "02 am"
4) "2"
5) "08 pm"
6) "20"
127.0.0.1:6379> zpopmax time
1) "08 pm"
2) "20"
127.0.0.1:6379> zrange time 0 -1 withscores
1) "01 am"
2) "1"
3) "02 am"
4) "2"
127.0.0.1:6379> zrem time 2
(integer) 0
127.0.0.1:6379> zrange time 0 -1 withscores
1) "01 am"
2) "1"
3) "02 am"
4) "2"
127.0.0.1:6379> zrem time "02 am"
(integer) 1
127.0.0.1:6379> zrange time 0 -1 withscores
1) "01 am"
2) "1"
127.0.0.1:6379>
127.0.0.1:6379>
127.0.0.1:6379>
